// Jest Snapshot v1, https://goo.gl/fbAQLP

exports[`Schould render component Header 1`] = `
<header
  class="header"
  data-testid="header"
>
  <div
    class="container"
  >
    <nav
      class="nav"
    >
      <a
        class="logo"
        href="/"
      >
        What's Weather?
      </a>
      <div
        class="navBtnContainer"
      >
        <div>
          <div
            class="sortContainer"
            data-testid="sort"
          >
            <button
              class="header-btn btn"
            >
              <span
                class="content"
              >
                Sort
              </span>
              <svg
                aria-hidden="true"
                class="svg-inline--fa fa-caret-down btnArrow"
                data-icon="caret-down"
                data-prefix="fas"
                focusable="false"
                role="img"
                viewBox="0 0 320 512"
                xmlns="http://www.w3.org/2000/svg"
              >
                <path
                  d="M137.4 374.6c12.5 12.5 32.8 12.5 45.3 0l128-128c9.2-9.2 11.9-22.9 6.9-34.9s-16.6-19.8-29.6-19.8L32 192c-12.9 0-24.6 7.8-29.6 19.8s-2.2 25.7 6.9 34.9l128 128z"
                  fill="currentColor"
                />
              </svg>
            </button>
          </div>
        </div>
        <div>
          <button
            class="header-btn btn"
          >
            <span>
              Login
            </span>
          </button>
        </div>
        <button
          class="header-btn addTripBtn btn"
          data-testid="button"
        >
          Add trip
        </button>
      </div>
    </nav>
  </div>
</header>
`;
